---
source: scopeql-lexer/tests/tests.rs
expression: "lex(\"SeLeCt * FrOm T wHeRe Id = 1\")"
---
[INPUT]
SeLeCt * FrOm T wHeRe Id = 1
[OUTPUT]
+--------+----------------+--------+--------+
| Status | Token          | Slice  | Span   |
+===========================================+
| OK     | SELECT         | SeLeCt | 0..6   |
|--------+----------------+--------+--------|
| OK     | Multiply       | *      | 7..8   |
|--------+----------------+--------+--------|
| OK     | FROM           | FrOm   | 9..13  |
|--------+----------------+--------+--------|
| OK     | Ident          | T      | 14..15 |
|--------+----------------+--------+--------|
| OK     | WHERE          | wHeRe  | 16..21 |
|--------+----------------+--------+--------|
| OK     | Ident          | Id     | 22..24 |
|--------+----------------+--------+--------|
| OK     | Eq             | =      | 25..26 |
|--------+----------------+--------+--------|
| OK     | LiteralInteger | 1      | 27..28 |
+--------+----------------+--------+--------+
