---
source: scopeql-lexer/tests/tests.rs
expression: "lex(\"+ - * / % || ( ) [ ] { } , . : :: ; $ -> => = != <> < > <= >=\")"
---
[INPUT]
+ - * / % || ( ) [ ] { } , . : :: ; $ -> => = != <> < > <= >=
[OUTPUT]
+--------+-------------+-------+--------+
| Status | Token       | Slice | Span   |
+=======================================+
| OK     | Plus        | +     | 0..1   |
|--------+-------------+-------+--------|
| OK     | Minus       | -     | 2..3   |
|--------+-------------+-------+--------|
| OK     | Multiply    | *     | 4..5   |
|--------+-------------+-------+--------|
| OK     | Divide      | /     | 6..7   |
|--------+-------------+-------+--------|
| OK     | Modulo      | %     | 8..9   |
|--------+-------------+-------+--------|
| OK     | Concat      | ||    | 10..12 |
|--------+-------------+-------+--------|
| OK     | LParen      | (     | 13..14 |
|--------+-------------+-------+--------|
| OK     | RParen      | )     | 15..16 |
|--------+-------------+-------+--------|
| OK     | LBracket    | [     | 17..18 |
|--------+-------------+-------+--------|
| OK     | RBracket    | ]     | 19..20 |
|--------+-------------+-------+--------|
| OK     | LBrace      | {     | 21..22 |
|--------+-------------+-------+--------|
| OK     | RBrace      | }     | 23..24 |
|--------+-------------+-------+--------|
| OK     | Comma       | ,     | 25..26 |
|--------+-------------+-------+--------|
| OK     | Dot         | .     | 27..28 |
|--------+-------------+-------+--------|
| OK     | Colon       | :     | 29..30 |
|--------+-------------+-------+--------|
| OK     | DoubleColon | ::    | 31..33 |
|--------+-------------+-------+--------|
| OK     | SemiColon   | ;     | 34..35 |
|--------+-------------+-------+--------|
| OK     | Dollar      | $     | 36..37 |
|--------+-------------+-------+--------|
| OK     | Arrow       | ->    | 38..40 |
|--------+-------------+-------+--------|
| OK     | Arrow       | =>    | 41..43 |
|--------+-------------+-------+--------|
| OK     | Eq          | =     | 44..45 |
|--------+-------------+-------+--------|
| OK     | NotEq       | !=    | 46..48 |
|--------+-------------+-------+--------|
| OK     | NotEq       | <>    | 49..51 |
|--------+-------------+-------+--------|
| OK     | Lt          | <     | 52..53 |
|--------+-------------+-------+--------|
| OK     | Gt          | >     | 54..55 |
|--------+-------------+-------+--------|
| OK     | Lte         | <=    | 56..58 |
|--------+-------------+-------+--------|
| OK     | Gte         | >=    | 59..61 |
+--------+-------------+-------+--------+
