---
source: scopeql-lexer/tests/tests.rs
expression: lex(sql)
---
[
    "CREATE(\"create\")",
    "TABLE(\"table\")",
    "Ident(\"public\")",
    "Dot(\".\")",
    "Ident(\"t1\")",
    "LParen(\"(\")",
    "Ident(\"id\")",
    "INT(\"int\")",
    "Comma(\",\")",
    "Ident(\"message\")",
    "STRING(\"string\")",
    "RParen(\")\")",
]
