---
source: scopeql-lexer/tests/tests.rs
expression: lex(sql)
---
[
    "VALUES(\"values\")",
    "LParen(\"(\")",
    "LiteralInteger(\"1\")",
    "Comma(\",\")",
    "LiteralString(\"'a'\")",
    "RParen(\")\")",
    "Comma(\",\")",
    "LParen(\"(\")",
    "LiteralInteger(\"2\")",
    "Comma(\",\")",
    "LiteralString(\"'b'\")",
    "RParen(\")\")",
    "Comma(\",\")",
    "LParen(\"(\")",
    "LiteralInteger(\"3\")",
    "Comma(\",\")",
    "LiteralString(\"'c'\")",
    "RParen(\")\")",
    "INSERT(\"insert\")",
    "INTO(\"into\")",
    "Ident(\"public\")",
    "Dot(\".\")",
    "Ident(\"t1\")",
]
