---
source: scopeql-lexer/tests/tests.rs
expression: "lex(\"select 1, 'a' as a select a as b, $0\")"
---
[INPUT]
select 1, 'a' as a select a as b, $0
[OUTPUT]
+--------+----------------+--------+--------+
| Status | Token          | Slice  | Span   |
+===========================================+
| OK     | SELECT         | select | 0..6   |
|--------+----------------+--------+--------|
| OK     | LiteralInteger | 1      | 7..8   |
|--------+----------------+--------+--------|
| OK     | Comma          | ,      | 8..9   |
|--------+----------------+--------+--------|
| OK     | LiteralString  | 'a'    | 10..13 |
|--------+----------------+--------+--------|
| OK     | AS             | as     | 14..16 |
|--------+----------------+--------+--------|
| OK     | Ident          | a      | 17..18 |
|--------+----------------+--------+--------|
| OK     | SELECT         | select | 19..25 |
|--------+----------------+--------+--------|
| OK     | Ident          | a      | 26..27 |
|--------+----------------+--------+--------|
| OK     | AS             | as     | 28..30 |
|--------+----------------+--------+--------|
| OK     | Ident          | b      | 31..32 |
|--------+----------------+--------+--------|
| OK     | Comma          | ,      | 32..33 |
|--------+----------------+--------+--------|
| OK     | Dollar         | $      | 34..35 |
|--------+----------------+--------+--------|
| OK     | LiteralInteger | 0      | 35..36 |
+--------+----------------+--------+--------+
