---
source: scopeql-lexer/tests/tests.rs
expression: "lex(\"select /* unterminated comment\")"
---
[INPUT]
select /* unterminated comment
[OUTPUT]
+--------+--------------------------+-------------------------+-------+
| Status | Token                    | Slice                   | Span  |
+=====================================================================+
| OK     | SELECT                   | select                  | 0..6  |
|--------+--------------------------+-------------------------+-------|
| Err    | UnterminatedBlockComment | /* unterminated comment | 7..30 |
+--------+--------------------------+-------------------------+-------+
