---
source: scopeql-lexer/tests/tests.rs
expression: "lex(\"create table public.t1 (id int, message string)\")"
---
[INPUT]
create table public.t1 (id int, message string)
[OUTPUT]
+--------+--------+---------+--------+
| Status | Token  | Slice   | Span   |
+====================================+
| OK     | CREATE | create  | 0..6   |
|--------+--------+---------+--------|
| OK     | TABLE  | table   | 7..12  |
|--------+--------+---------+--------|
| OK     | Ident  | public  | 13..19 |
|--------+--------+---------+--------|
| OK     | Dot    | .       | 19..20 |
|--------+--------+---------+--------|
| OK     | Ident  | t1      | 20..22 |
|--------+--------+---------+--------|
| OK     | LParen | (       | 23..24 |
|--------+--------+---------+--------|
| OK     | Ident  | id      | 24..26 |
|--------+--------+---------+--------|
| OK     | INT    | int     | 27..30 |
|--------+--------+---------+--------|
| OK     | Comma  | ,       | 30..31 |
|--------+--------+---------+--------|
| OK     | Ident  | message | 32..39 |
|--------+--------+---------+--------|
| OK     | STRING | string  | 40..46 |
|--------+--------+---------+--------|
| OK     | RParen | )       | 46..47 |
+--------+--------+---------+--------+
