---
source: scopeql-lexer/tests/tests.rs
expression: "lex(\"from system.tables where database_name = 'scopedb' and schema_name != 'system'\")"
---
[INPUT]
from system.tables where database_name = 'scopedb' and schema_name != 'system'
[OUTPUT]
+--------+---------------+---------------+--------+
| Status | Token         | Slice         | Span   |
+=================================================+
| OK     | FROM          | from          | 0..4   |
|--------+---------------+---------------+--------|
| OK     | Ident         | system        | 5..11  |
|--------+---------------+---------------+--------|
| OK     | Dot           | .             | 11..12 |
|--------+---------------+---------------+--------|
| OK     | TABLES        | tables        | 12..18 |
|--------+---------------+---------------+--------|
| OK     | WHERE         | where         | 19..24 |
|--------+---------------+---------------+--------|
| OK     | Ident         | database_name | 25..38 |
|--------+---------------+---------------+--------|
| OK     | Eq            | =             | 39..40 |
|--------+---------------+---------------+--------|
| OK     | LiteralString | 'scopedb'     | 41..50 |
|--------+---------------+---------------+--------|
| OK     | AND           | and           | 51..54 |
|--------+---------------+---------------+--------|
| OK     | Ident         | schema_name   | 55..66 |
|--------+---------------+---------------+--------|
| OK     | NotEq         | !=            | 67..69 |
|--------+---------------+---------------+--------|
| OK     | LiteralString | 'system'      | 70..78 |
+--------+---------------+---------------+--------+
