---
source: scopeql-lexer/tests/tests.rs
expression: "lex(\"1. .2 3.\")"
---
[INPUT]
1. .2 3.
[OUTPUT]
+--------+-------------------------------+--------------+--------+
| Status | Token                         | Slice        | Span   |
+================================================================+
| Err    | Error("incomplete float: 1.") | 1.           | (0, 2) |
|--------+-------------------------------+--------------+--------|
| OK     | Whitespace                    | <whitespace> | (2, 3) |
|--------+-------------------------------+--------------+--------|
| OK     | Dot                           | .            | (3, 4) |
|--------+-------------------------------+--------------+--------|
| OK     | LiteralInteger                | 2            | (4, 5) |
|--------+-------------------------------+--------------+--------|
| OK     | Whitespace                    | <whitespace> | (5, 6) |
|--------+-------------------------------+--------------+--------|
| Err    | Error("incomplete float: 3.") | 3.           | (6, 8) |
+--------+-------------------------------+--------------+--------+
