---
source: scopeql-parser/tests/tests.rs
expression: "lex(r#\"\n    -- This is a comment\n    select 1;\n    /* This is a\n       multi-line comment */\n    select 2;\n    \"#)"
---
[INPUT]

    -- This is a comment
    select 1;
    /* This is a
       multi-line comment */
    select 2;
    
[OUTPUT]
+--------+----------------+--------------+----------+
| Status | Token          | Slice        | Span     |
+===================================================+
| OK     | Whitespace     | <whitespace> | 0..5     |
|--------+----------------+--------------+----------|
| OK     | Comment        | <comment>    | 5..25    |
|--------+----------------+--------------+----------|
| OK     | Whitespace     | <whitespace> | 25..30   |
|--------+----------------+--------------+----------|
| OK     | SELECT         | select       | 30..36   |
|--------+----------------+--------------+----------|
| OK     | Whitespace     | <whitespace> | 36..37   |
|--------+----------------+--------------+----------|
| OK     | LiteralInteger | 1            | 37..38   |
|--------+----------------+--------------+----------|
| OK     | SemiColon      | ;            | 38..39   |
|--------+----------------+--------------+----------|
| OK     | Whitespace     | <whitespace> | 39..44   |
|--------+----------------+--------------+----------|
| OK     | Comment        | <comment>    | 44..85   |
|--------+----------------+--------------+----------|
| OK     | Whitespace     | <whitespace> | 85..90   |
|--------+----------------+--------------+----------|
| OK     | SELECT         | select       | 90..96   |
|--------+----------------+--------------+----------|
| OK     | Whitespace     | <whitespace> | 96..97   |
|--------+----------------+--------------+----------|
| OK     | LiteralInteger | 2            | 97..98   |
|--------+----------------+--------------+----------|
| OK     | SemiColon      | ;            | 98..99   |
|--------+----------------+--------------+----------|
| OK     | Whitespace     | <whitespace> | 99..104  |
|--------+----------------+--------------+----------|
| OK     | EOI            |              | 104..104 |
+--------+----------------+--------------+----------+
