---
source: scopeql-parser/tests/tests.rs
expression: "lex(\"from t select id - 1, var['message']::string as message\")"
---
[INPUT]
from t select id - 1, var['message']::string as message
[OUTPUT]
+--------+----------------+--------------+--------+
| Status | Token          | Slice        | Span   |
+=================================================+
| OK     | FROM           | from         | 0..4   |
|--------+----------------+--------------+--------|
| OK     | Whitespace     | <whitespace> | 4..5   |
|--------+----------------+--------------+--------|
| OK     | Ident          | t            | 5..6   |
|--------+----------------+--------------+--------|
| OK     | Whitespace     | <whitespace> | 6..7   |
|--------+----------------+--------------+--------|
| OK     | SELECT         | select       | 7..13  |
|--------+----------------+--------------+--------|
| OK     | Whitespace     | <whitespace> | 13..14 |
|--------+----------------+--------------+--------|
| OK     | Ident          | id           | 14..16 |
|--------+----------------+--------------+--------|
| OK     | Whitespace     | <whitespace> | 16..17 |
|--------+----------------+--------------+--------|
| OK     | Minus          | -            | 17..18 |
|--------+----------------+--------------+--------|
| OK     | Whitespace     | <whitespace> | 18..19 |
|--------+----------------+--------------+--------|
| OK     | LiteralInteger | 1            | 19..20 |
|--------+----------------+--------------+--------|
| OK     | Comma          | ,            | 20..21 |
|--------+----------------+--------------+--------|
| OK     | Whitespace     | <whitespace> | 21..22 |
|--------+----------------+--------------+--------|
| OK     | Ident          | var          | 22..25 |
|--------+----------------+--------------+--------|
| OK     | LBracket       | [            | 25..26 |
|--------+----------------+--------------+--------|
| OK     | LiteralString  | 'message'    | 26..35 |
|--------+----------------+--------------+--------|
| OK     | RBracket       | ]            | 35..36 |
|--------+----------------+--------------+--------|
| OK     | DoubleColon    | ::           | 36..38 |
|--------+----------------+--------------+--------|
| OK     | STRING         | string       | 38..44 |
|--------+----------------+--------------+--------|
| OK     | Whitespace     | <whitespace> | 44..45 |
|--------+----------------+--------------+--------|
| OK     | AS             | as           | 45..47 |
|--------+----------------+--------------+--------|
| OK     | Whitespace     | <whitespace> | 47..48 |
|--------+----------------+--------------+--------|
| OK     | Ident          | message      | 48..55 |
|--------+----------------+--------------+--------|
| OK     | EOI            |              | 55..55 |
+--------+----------------+--------------+--------+
