---
source: scopeql-parser/tests/tests.rs
expression: "lex(\"select 0xG\")"
---
[INPUT]
select 0xG
[OUTPUT]
+--------+----------------+--------------+--------+
| Status | Token          | Slice        | Span   |
+=================================================+
| OK     | SELECT         | select       | 0..6   |
|--------+----------------+--------------+--------|
| OK     | Whitespace     | <whitespace> | 6..7   |
|--------+----------------+--------------+--------|
| OK     | LiteralInteger | 0            | 7..8   |
|--------+----------------+--------------+--------|
| OK     | Ident          | xG           | 8..10  |
|--------+----------------+--------------+--------|
| OK     | EOI            |              | 10..10 |
+--------+----------------+--------------+--------+
