---
source: scopeql-parser/tests/tests.rs
expression: "lex(\"1. .2 3.\")"
---
[INPUT]
1. .2 3.
[OUTPUT]
+--------+----------------+--------------+------+
| Status | Token          | Slice        | Span |
+===============================================+
| OK     | LiteralInteger | 1            | 0..1 |
|--------+----------------+--------------+------|
| OK     | Dot            | .            | 1..2 |
|--------+----------------+--------------+------|
| OK     | Whitespace     | <whitespace> | 2..3 |
|--------+----------------+--------------+------|
| OK     | Dot            | .            | 3..4 |
|--------+----------------+--------------+------|
| OK     | LiteralInteger | 2            | 4..5 |
|--------+----------------+--------------+------|
| OK     | Whitespace     | <whitespace> | 5..6 |
|--------+----------------+--------------+------|
| OK     | LiteralInteger | 3            | 6..7 |
|--------+----------------+--------------+------|
| OK     | Dot            | .            | 7..8 |
|--------+----------------+--------------+------|
| OK     | EOI            |              | 8..8 |
+--------+----------------+--------------+------+
