---
source: scopeql-parser/tests/tests.rs
expression: "lex(\"select /* unterminated comment\")"
---
[INPUT]
select /* unterminated comment
[OUTPUT]
+--------+------------+--------------+--------+
| Status | Token      | Slice        | Span   |
+=============================================+
| OK     | SELECT     | select       | 0..6   |
|--------+------------+--------------+--------|
| OK     | Whitespace | <whitespace> | 6..7   |
|--------+------------+--------------+--------|
| OK     | Divide     | /            | 7..8   |
|--------+------------+--------------+--------|
| OK     | Multiply   | *            | 8..9   |
|--------+------------+--------------+--------|
| OK     | Whitespace | <whitespace> | 9..10  |
|--------+------------+--------------+--------|
| OK     | Ident      | unterminated | 10..22 |
|--------+------------+--------------+--------|
| OK     | Whitespace | <whitespace> | 22..23 |
|--------+------------+--------------+--------|
| OK     | COMMENT    | comment      | 23..30 |
|--------+------------+--------------+--------|
| OK     | EOI        |              | 30..30 |
+--------+------------+--------------+--------+
