---
source: scopeql-parser/tests/tests.rs
expression: "lex(\"select 1, 'a' as a select a as b, $0\")"
---
[INPUT]
select 1, 'a' as a select a as b, $0
[OUTPUT]
+--------+----------------+--------------+--------+
| Status | Token          | Slice        | Span   |
+=================================================+
| OK     | SELECT         | select       | 0..6   |
|--------+----------------+--------------+--------|
| OK     | Whitespace     | <whitespace> | 6..7   |
|--------+----------------+--------------+--------|
| OK     | LiteralInteger | 1            | 7..8   |
|--------+----------------+--------------+--------|
| OK     | Comma          | ,            | 8..9   |
|--------+----------------+--------------+--------|
| OK     | Whitespace     | <whitespace> | 9..10  |
|--------+----------------+--------------+--------|
| OK     | LiteralString  | 'a'          | 10..13 |
|--------+----------------+--------------+--------|
| OK     | Whitespace     | <whitespace> | 13..14 |
|--------+----------------+--------------+--------|
| OK     | AS             | as           | 14..16 |
|--------+----------------+--------------+--------|
| OK     | Whitespace     | <whitespace> | 16..17 |
|--------+----------------+--------------+--------|
| OK     | Ident          | a            | 17..18 |
|--------+----------------+--------------+--------|
| OK     | Whitespace     | <whitespace> | 18..19 |
|--------+----------------+--------------+--------|
| OK     | SELECT         | select       | 19..25 |
|--------+----------------+--------------+--------|
| OK     | Whitespace     | <whitespace> | 25..26 |
|--------+----------------+--------------+--------|
| OK     | Ident          | a            | 26..27 |
|--------+----------------+--------------+--------|
| OK     | Whitespace     | <whitespace> | 27..28 |
|--------+----------------+--------------+--------|
| OK     | AS             | as           | 28..30 |
|--------+----------------+--------------+--------|
| OK     | Whitespace     | <whitespace> | 30..31 |
|--------+----------------+--------------+--------|
| OK     | Ident          | b            | 31..32 |
|--------+----------------+--------------+--------|
| OK     | Comma          | ,            | 32..33 |
|--------+----------------+--------------+--------|
| OK     | Whitespace     | <whitespace> | 33..34 |
|--------+----------------+--------------+--------|
| OK     | Dollar         | $            | 34..35 |
|--------+----------------+--------------+--------|
| OK     | LiteralInteger | 0            | 35..36 |
|--------+----------------+--------------+--------|
| OK     | EOI            |              | 36..36 |
+--------+----------------+--------------+--------+
