---
source: scopeql-parser/tests/tests.rs
expression: "lex(\"from system.tables where database_name = 'scopedb' and schema_name != 'system'\")"
---
[INPUT]
from system.tables where database_name = 'scopedb' and schema_name != 'system'
[OUTPUT]
+--------+---------------+---------------+--------+
| Status | Token         | Slice         | Span   |
+=================================================+
| OK     | FROM          | from          | 0..4   |
|--------+---------------+---------------+--------|
| OK     | Whitespace    | <whitespace>  | 4..5   |
|--------+---------------+---------------+--------|
| OK     | Ident         | system        | 5..11  |
|--------+---------------+---------------+--------|
| OK     | Dot           | .             | 11..12 |
|--------+---------------+---------------+--------|
| OK     | TABLES        | tables        | 12..18 |
|--------+---------------+---------------+--------|
| OK     | Whitespace    | <whitespace>  | 18..19 |
|--------+---------------+---------------+--------|
| OK     | WHERE         | where         | 19..24 |
|--------+---------------+---------------+--------|
| OK     | Whitespace    | <whitespace>  | 24..25 |
|--------+---------------+---------------+--------|
| OK     | Ident         | database_name | 25..38 |
|--------+---------------+---------------+--------|
| OK     | Whitespace    | <whitespace>  | 38..39 |
|--------+---------------+---------------+--------|
| OK     | Eq            | =             | 39..40 |
|--------+---------------+---------------+--------|
| OK     | Whitespace    | <whitespace>  | 40..41 |
|--------+---------------+---------------+--------|
| OK     | LiteralString | 'scopedb'     | 41..50 |
|--------+---------------+---------------+--------|
| OK     | Whitespace    | <whitespace>  | 50..51 |
|--------+---------------+---------------+--------|
| OK     | AND           | and           | 51..54 |
|--------+---------------+---------------+--------|
| OK     | Whitespace    | <whitespace>  | 54..55 |
|--------+---------------+---------------+--------|
| OK     | Ident         | schema_name   | 55..66 |
|--------+---------------+---------------+--------|
| OK     | Whitespace    | <whitespace>  | 66..67 |
|--------+---------------+---------------+--------|
| OK     | NotEq         | !=            | 67..69 |
|--------+---------------+---------------+--------|
| OK     | Whitespace    | <whitespace>  | 69..70 |
|--------+---------------+---------------+--------|
| OK     | LiteralString | 'system'      | 70..78 |
|--------+---------------+---------------+--------|
| OK     | EOI           |               | 78..78 |
+--------+---------------+---------------+--------+
