---
source: scopeql-parser/tests/tests.rs
expression: "lex(\"SeLeCt * FrOm T wHeRe Id = 1\")"
---
[INPUT]
SeLeCt * FrOm T wHeRe Id = 1
[OUTPUT]
+--------+----------------+--------------+--------+
| Status | Token          | Slice        | Span   |
+=================================================+
| OK     | SELECT         | SeLeCt       | 0..6   |
|--------+----------------+--------------+--------|
| OK     | Whitespace     | <whitespace> | 6..7   |
|--------+----------------+--------------+--------|
| OK     | Multiply       | *            | 7..8   |
|--------+----------------+--------------+--------|
| OK     | Whitespace     | <whitespace> | 8..9   |
|--------+----------------+--------------+--------|
| OK     | FROM           | FrOm         | 9..13  |
|--------+----------------+--------------+--------|
| OK     | Whitespace     | <whitespace> | 13..14 |
|--------+----------------+--------------+--------|
| OK     | Ident          | T            | 14..15 |
|--------+----------------+--------------+--------|
| OK     | Whitespace     | <whitespace> | 15..16 |
|--------+----------------+--------------+--------|
| OK     | WHERE          | wHeRe        | 16..21 |
|--------+----------------+--------------+--------|
| OK     | Whitespace     | <whitespace> | 21..22 |
|--------+----------------+--------------+--------|
| OK     | Ident          | Id           | 22..24 |
|--------+----------------+--------------+--------|
| OK     | Whitespace     | <whitespace> | 24..25 |
|--------+----------------+--------------+--------|
| OK     | Eq             | =            | 25..26 |
|--------+----------------+--------------+--------|
| OK     | Whitespace     | <whitespace> | 26..27 |
|--------+----------------+--------------+--------|
| OK     | LiteralInteger | 1            | 27..28 |
|--------+----------------+--------------+--------|
| OK     | EOI            |              | 28..28 |
+--------+----------------+--------------+--------+
