---
source: scopeql-parser/tests/tests.rs
expression: "lex(\"+ - * / % || ( ) [ ] { } , . : :: ; $ -> => = != <> < > <= >=\")"
---
[INPUT]
+ - * / % || ( ) [ ] { } , . : :: ; $ -> => = != <> < > <= >=
[OUTPUT]
+--------+-------------+--------------+--------+
| Status | Token       | Slice        | Span   |
+==============================================+
| OK     | Plus        | +            | 0..1   |
|--------+-------------+--------------+--------|
| OK     | Whitespace  | <whitespace> | 1..2   |
|--------+-------------+--------------+--------|
| OK     | Minus       | -            | 2..3   |
|--------+-------------+--------------+--------|
| OK     | Whitespace  | <whitespace> | 3..4   |
|--------+-------------+--------------+--------|
| OK     | Multiply    | *            | 4..5   |
|--------+-------------+--------------+--------|
| OK     | Whitespace  | <whitespace> | 5..6   |
|--------+-------------+--------------+--------|
| OK     | Divide      | /            | 6..7   |
|--------+-------------+--------------+--------|
| OK     | Whitespace  | <whitespace> | 7..8   |
|--------+-------------+--------------+--------|
| OK     | Modulo      | %            | 8..9   |
|--------+-------------+--------------+--------|
| OK     | Whitespace  | <whitespace> | 9..10  |
|--------+-------------+--------------+--------|
| OK     | Concat      | ||           | 10..12 |
|--------+-------------+--------------+--------|
| OK     | Whitespace  | <whitespace> | 12..13 |
|--------+-------------+--------------+--------|
| OK     | LParen      | (            | 13..14 |
|--------+-------------+--------------+--------|
| OK     | Whitespace  | <whitespace> | 14..15 |
|--------+-------------+--------------+--------|
| OK     | RParen      | )            | 15..16 |
|--------+-------------+--------------+--------|
| OK     | Whitespace  | <whitespace> | 16..17 |
|--------+-------------+--------------+--------|
| OK     | LBracket    | [            | 17..18 |
|--------+-------------+--------------+--------|
| OK     | Whitespace  | <whitespace> | 18..19 |
|--------+-------------+--------------+--------|
| OK     | RBracket    | ]            | 19..20 |
|--------+-------------+--------------+--------|
| OK     | Whitespace  | <whitespace> | 20..21 |
|--------+-------------+--------------+--------|
| OK     | LBrace      | {            | 21..22 |
|--------+-------------+--------------+--------|
| OK     | Whitespace  | <whitespace> | 22..23 |
|--------+-------------+--------------+--------|
| OK     | RBrace      | }            | 23..24 |
|--------+-------------+--------------+--------|
| OK     | Whitespace  | <whitespace> | 24..25 |
|--------+-------------+--------------+--------|
| OK     | Comma       | ,            | 25..26 |
|--------+-------------+--------------+--------|
| OK     | Whitespace  | <whitespace> | 26..27 |
|--------+-------------+--------------+--------|
| OK     | Dot         | .            | 27..28 |
|--------+-------------+--------------+--------|
| OK     | Whitespace  | <whitespace> | 28..29 |
|--------+-------------+--------------+--------|
| OK     | Colon       | :            | 29..30 |
|--------+-------------+--------------+--------|
| OK     | Whitespace  | <whitespace> | 30..31 |
|--------+-------------+--------------+--------|
| OK     | DoubleColon | ::           | 31..33 |
|--------+-------------+--------------+--------|
| OK     | Whitespace  | <whitespace> | 33..34 |
|--------+-------------+--------------+--------|
| OK     | SemiColon   | ;            | 34..35 |
|--------+-------------+--------------+--------|
| OK     | Whitespace  | <whitespace> | 35..36 |
|--------+-------------+--------------+--------|
| OK     | Dollar      | $            | 36..37 |
|--------+-------------+--------------+--------|
| OK     | Whitespace  | <whitespace> | 37..38 |
|--------+-------------+--------------+--------|
| OK     | Minus       | -            | 38..39 |
|--------+-------------+--------------+--------|
| OK     | Gt          | >            | 39..40 |
|--------+-------------+--------------+--------|
| OK     | Whitespace  | <whitespace> | 40..41 |
|--------+-------------+--------------+--------|
| OK     | Arrow       | =>           | 41..43 |
|--------+-------------+--------------+--------|
| OK     | Whitespace  | <whitespace> | 43..44 |
|--------+-------------+--------------+--------|
| OK     | Eq          | =            | 44..45 |
|--------+-------------+--------------+--------|
| OK     | Whitespace  | <whitespace> | 45..46 |
|--------+-------------+--------------+--------|
| OK     | NotEq       | !=           | 46..48 |
|--------+-------------+--------------+--------|
| OK     | Whitespace  | <whitespace> | 48..49 |
|--------+-------------+--------------+--------|
| OK     | NotEq       | <>           | 49..51 |
|--------+-------------+--------------+--------|
| OK     | Whitespace  | <whitespace> | 51..52 |
|--------+-------------+--------------+--------|
| OK     | Lt          | <            | 52..53 |
|--------+-------------+--------------+--------|
| OK     | Whitespace  | <whitespace> | 53..54 |
|--------+-------------+--------------+--------|
| OK     | Gt          | >            | 54..55 |
|--------+-------------+--------------+--------|
| OK     | Whitespace  | <whitespace> | 55..56 |
|--------+-------------+--------------+--------|
| OK     | Lte         | <=           | 56..58 |
|--------+-------------+--------------+--------|
| OK     | Whitespace  | <whitespace> | 58..59 |
|--------+-------------+--------------+--------|
| OK     | Gte         | >=           | 59..61 |
|--------+-------------+--------------+--------|
| OK     | EOI         |              | 61..61 |
+--------+-------------+--------------+--------+
