---
source: scopeql-parser/tests/tests.rs
expression: "lex(r#\"values (1, 'a''b', \"c\\\"d\", `e\\`f`), (x'FF', 0xFF)\"#)"
---
[INPUT]
values (1, 'a''b', "c\"d", `e\`f`), (x'FF', 0xFF)
[OUTPUT]
+--------+------------------------+--------------+--------+
| Status | Token                  | Slice        | Span   |
+=========================================================+
| OK     | VALUES                 | values       | 0..6   |
|--------+------------------------+--------------+--------|
| OK     | Whitespace             | <whitespace> | 6..7   |
|--------+------------------------+--------------+--------|
| OK     | LParen                 | (            | 7..8   |
|--------+------------------------+--------------+--------|
| OK     | LiteralInteger         | 1            | 8..9   |
|--------+------------------------+--------------+--------|
| OK     | Comma                  | ,            | 9..10  |
|--------+------------------------+--------------+--------|
| OK     | Whitespace             | <whitespace> | 10..11 |
|--------+------------------------+--------------+--------|
| OK     | LiteralString          | 'a''b'       | 11..17 |
|--------+------------------------+--------------+--------|
| OK     | Comma                  | ,            | 17..18 |
|--------+------------------------+--------------+--------|
| OK     | Whitespace             | <whitespace> | 18..19 |
|--------+------------------------+--------------+--------|
| OK     | LiteralString          | "c\"d"       | 19..25 |
|--------+------------------------+--------------+--------|
| OK     | Comma                  | ,            | 25..26 |
|--------+------------------------+--------------+--------|
| OK     | Whitespace             | <whitespace> | 26..27 |
|--------+------------------------+--------------+--------|
| OK     | LiteralString          | `e\`f`       | 27..33 |
|--------+------------------------+--------------+--------|
| OK     | RParen                 | )            | 33..34 |
|--------+------------------------+--------------+--------|
| OK     | Comma                  | ,            | 34..35 |
|--------+------------------------+--------------+--------|
| OK     | Whitespace             | <whitespace> | 35..36 |
|--------+------------------------+--------------+--------|
| OK     | LParen                 | (            | 36..37 |
|--------+------------------------+--------------+--------|
| OK     | LiteralHexBinaryString | x'FF'        | 37..42 |
|--------+------------------------+--------------+--------|
| OK     | Comma                  | ,            | 42..43 |
|--------+------------------------+--------------+--------|
| OK     | Whitespace             | <whitespace> | 43..44 |
|--------+------------------------+--------------+--------|
| OK     | LiteralHexInteger      | 0xFF         | 44..48 |
|--------+------------------------+--------------+--------|
| OK     | RParen                 | )            | 48..49 |
|--------+------------------------+--------------+--------|
| OK     | EOI                    |              | 49..49 |
+--------+------------------------+--------------+--------+
