---
source: scopeql-parser/tests/tests.rs
expression: "lex(\"select 'unterminated string\")"
---
[INPUT]
select 'unterminated string
[OUTPUT]
+--------+------------+----------------------+--------+
| Status | Token      | Slice                | Span   |
+=====================================================+
| OK     | SELECT     | select               | 0..6   |
|--------+------------+----------------------+--------|
| OK     | Whitespace | <whitespace>         | 6..7   |
|--------+------------+----------------------+--------|
| Err    | ()         | 'unterminated string | 7..27  |
|--------+------------+----------------------+--------|
| OK     | EOI        |                      | 27..27 |
+--------+------------+----------------------+--------+
