---
source: scopeql-parser/tests/tests.rs
expression: "lex(\"values (123, 123.456, 1e10, 1.2e-3, 0x1A, 0)\")"
---
[INPUT]
values (123, 123.456, 1e10, 1.2e-3, 0x1A, 0)
[OUTPUT]
+--------+-------------------+--------------+--------+
| Status | Token             | Slice        | Span   |
+====================================================+
| OK     | VALUES            | values       | 0..6   |
|--------+-------------------+--------------+--------|
| OK     | Whitespace        | <whitespace> | 6..7   |
|--------+-------------------+--------------+--------|
| OK     | LParen            | (            | 7..8   |
|--------+-------------------+--------------+--------|
| OK     | LiteralInteger    | 123          | 8..11  |
|--------+-------------------+--------------+--------|
| OK     | Comma             | ,            | 11..12 |
|--------+-------------------+--------------+--------|
| OK     | Whitespace        | <whitespace> | 12..13 |
|--------+-------------------+--------------+--------|
| OK     | LiteralFloat      | 123.456      | 13..20 |
|--------+-------------------+--------------+--------|
| OK     | Comma             | ,            | 20..21 |
|--------+-------------------+--------------+--------|
| OK     | Whitespace        | <whitespace> | 21..22 |
|--------+-------------------+--------------+--------|
| OK     | LiteralFloat      | 1e10         | 22..26 |
|--------+-------------------+--------------+--------|
| OK     | Comma             | ,            | 26..27 |
|--------+-------------------+--------------+--------|
| OK     | Whitespace        | <whitespace> | 27..28 |
|--------+-------------------+--------------+--------|
| OK     | LiteralFloat      | 1.2e-3       | 28..34 |
|--------+-------------------+--------------+--------|
| OK     | Comma             | ,            | 34..35 |
|--------+-------------------+--------------+--------|
| OK     | Whitespace        | <whitespace> | 35..36 |
|--------+-------------------+--------------+--------|
| OK     | LiteralHexInteger | 0x1A         | 36..40 |
|--------+-------------------+--------------+--------|
| OK     | Comma             | ,            | 40..41 |
|--------+-------------------+--------------+--------|
| OK     | Whitespace        | <whitespace> | 41..42 |
|--------+-------------------+--------------+--------|
| OK     | LiteralInteger    | 0            | 42..43 |
|--------+-------------------+--------------+--------|
| OK     | RParen            | )            | 43..44 |
|--------+-------------------+--------------+--------|
| OK     | EOI               |              | 44..44 |
+--------+-------------------+--------------+--------+
