---
source: scopeql-parser/tests/tests.rs
expression: "lex(\"values (1, 'a'), (2, 'b'), (3, 'c') insert into public.t1\")"
---
[INPUT]
values (1, 'a'), (2, 'b'), (3, 'c') insert into public.t1
[OUTPUT]
+--------+----------------+--------------+--------+
| Status | Token          | Slice        | Span   |
+=================================================+
| OK     | VALUES         | values       | 0..6   |
|--------+----------------+--------------+--------|
| OK     | Whitespace     | <whitespace> | 6..7   |
|--------+----------------+--------------+--------|
| OK     | LParen         | (            | 7..8   |
|--------+----------------+--------------+--------|
| OK     | LiteralInteger | 1            | 8..9   |
|--------+----------------+--------------+--------|
| OK     | Comma          | ,            | 9..10  |
|--------+----------------+--------------+--------|
| OK     | Whitespace     | <whitespace> | 10..11 |
|--------+----------------+--------------+--------|
| OK     | LiteralString  | 'a'          | 11..14 |
|--------+----------------+--------------+--------|
| OK     | RParen         | )            | 14..15 |
|--------+----------------+--------------+--------|
| OK     | Comma          | ,            | 15..16 |
|--------+----------------+--------------+--------|
| OK     | Whitespace     | <whitespace> | 16..17 |
|--------+----------------+--------------+--------|
| OK     | LParen         | (            | 17..18 |
|--------+----------------+--------------+--------|
| OK     | LiteralInteger | 2            | 18..19 |
|--------+----------------+--------------+--------|
| OK     | Comma          | ,            | 19..20 |
|--------+----------------+--------------+--------|
| OK     | Whitespace     | <whitespace> | 20..21 |
|--------+----------------+--------------+--------|
| OK     | LiteralString  | 'b'          | 21..24 |
|--------+----------------+--------------+--------|
| OK     | RParen         | )            | 24..25 |
|--------+----------------+--------------+--------|
| OK     | Comma          | ,            | 25..26 |
|--------+----------------+--------------+--------|
| OK     | Whitespace     | <whitespace> | 26..27 |
|--------+----------------+--------------+--------|
| OK     | LParen         | (            | 27..28 |
|--------+----------------+--------------+--------|
| OK     | LiteralInteger | 3            | 28..29 |
|--------+----------------+--------------+--------|
| OK     | Comma          | ,            | 29..30 |
|--------+----------------+--------------+--------|
| OK     | Whitespace     | <whitespace> | 30..31 |
|--------+----------------+--------------+--------|
| OK     | LiteralString  | 'c'          | 31..34 |
|--------+----------------+--------------+--------|
| OK     | RParen         | )            | 34..35 |
|--------+----------------+--------------+--------|
| OK     | Whitespace     | <whitespace> | 35..36 |
|--------+----------------+--------------+--------|
| OK     | INSERT         | insert       | 36..42 |
|--------+----------------+--------------+--------|
| OK     | Whitespace     | <whitespace> | 42..43 |
|--------+----------------+--------------+--------|
| OK     | INTO           | into         | 43..47 |
|--------+----------------+--------------+--------|
| OK     | Whitespace     | <whitespace> | 47..48 |
|--------+----------------+--------------+--------|
| OK     | Ident          | public       | 48..54 |
|--------+----------------+--------------+--------|
| OK     | Dot            | .            | 54..55 |
|--------+----------------+--------------+--------|
| OK     | Ident          | t1           | 55..57 |
|--------+----------------+--------------+--------|
| OK     | EOI            |              | 57..57 |
+--------+----------------+--------------+--------+
